// Jest Snapshot v1, https://goo.gl/fbAQLP

exports[`Label should render a basic label 1`] = `
<DocumentFragment>
  <ds-label
    for="field-123"
  >
    <label
      class="ds-c-label"
      for="field-123"
      parent="[object HTMLElement]"
    >
      Foo
    </label>
  </ds-label>
</DocumentFragment>
`;
