// Jest Snapshot v1, https://goo.gl/fbAQLP

exports[`Drawer renders a snapshot 1`] = `
<div
  aria-labelledby="drawer_2"
  className="ds-c-drawer"
  role="dialog"
>
  <div
    className="ds-c-drawer__window"
  >
    <div
      className="ds-c-drawer__header"
    >
      <h3
        className="ds-c-drawer__header-heading"
        id="drawer_2"
        tabIndex="0"
      >
        Drawer title
      </h3>
      <button
        aria-label="Close help drawer"
        className="ds-c-button ds-c-button--small ds-c-drawer__close-button"
        onClick={[Function]}
        type="button"
      >
        Close
      </button>
    </div>
    <div
      className="ds-c-drawer__body"
    >
      <p>
        content
      </p>
    </div>
    <div
      className="ds-c-drawer__footer"
    >
      <h4
        className="ds-c-drawer__footer-title"
      >
        Footer title
      </h4>
      <div
        className="ds-c-drawer__footer-body"
      >
        <div>
          <p>
            Some footer content
          </p>
        </div>
      </div>
    </div>
  </div>
</div>
`;
