// Jest Snapshot v1, https://goo.gl/fbAQLP

exports[`Autocomplete renders item with custom className 1`] = `
Array [
  <li
    aria-selected="false"
    class="ds-c-autocomplete__menu-item"
    data-key="1a"
    id="static-id__item--0"
    role="option"
  >
    Normal item
  </li>,
  <li
    aria-selected="false"
    class="custom-class ds-c-autocomplete__menu-item"
    data-key="5b"
    id="static-id__item--1"
    role="option"
  >
    Special item
  </li>,
]
`;

exports[`Autocomplete renders items with children property 1`] = `
<ul
  aria-label="Suggestions"
  aria-labelledby=""
  class="ds-c-autocomplete__menu"
  id="static-id__menu"
  role="listbox"
>
  <li
    aria-selected="false"
    class="ds-c-autocomplete__menu-item"
    data-key="1"
    id="static-id__item--0"
    role="option"
  >
    Carrots 
    <strong>
      (1)
    </strong>
  </li>
  <li
    aria-selected="false"
    class="ds-c-autocomplete__menu-item"
    data-key="2"
    id="static-id__item--1"
    role="option"
  >
    Cookies 
    <strong>
      (3)
    </strong>
  </li>
  <li
    aria-selected="false"
    class="ds-c-autocomplete__menu-item"
    data-key="3"
    id="static-id__item--2"
    role="option"
  >
    Crackers 
    <strong>
      (2)
    </strong>
  </li>
  <li
    aria-selected="false"
    class="ds-c-autocomplete__menu-item"
    data-key="4"
    id="static-id__item--3"
    role="option"
  >
    <a
      href="https://duckduckgo.com/?q=snacks"
    >
      Search all snacks
    </a>
  </li>
</ul>
`;
