// Jest Snapshot v1, https://goo.gl/fbAQLP

exports[`ds-text-field renders text-field 1`] = `
<DocumentFragment>
  <ds-text-field
    id="static-id"
  >
    <div
      class="ds-u-clearfix"
    >
      <label
        class="ds-c-label"
        for="text-field--P0-0"
        id="text-field--P0-0__label"
      />
      <p
        aria-atomic="true"
        aria-live="assertive"
        class="ds-c-inline-error"
        id="text-field--P0-0__error"
      />
      <input
        aria-disabled="false"
        aria-invalid="false"
        class="ds-c-field"
        id="text-field--P0-0"
        type="text"
      />
    </div>
    <template />
  </ds-text-field>
</DocumentFragment>
`;
