// Jest Snapshot v1, https://goo.gl/fbAQLP

exports[`TextField masked renders currency mask 1`] = `
<div
  className="ds-u-clearfix"
>
  <FormLabel
    component="label"
    fieldId="textfield_27"
  >
    Foo
  </FormLabel>
  <div
    className="ds-c-field-mask ds-c-field-mask--currency"
  >
    <div
      className="ds-c-field__before ds-c-field__before--currency"
    >
      $
    </div>
    <input
      aria-label="Foo. Enter amount in dollars."
      className="ds-c-field ds-c-field--currency"
      id="textfield_27"
      name="spec-field"
      type="text"
    />
  </div>
</div>
`;
