// Jest Snapshot v1, https://goo.gl/fbAQLP

exports[`TableRow renders additional attributes 1`] = `
<tr
  class="foo-row"
  role="row"
>
  <td>
    Column a
  </td>
  <td>
    Column b
  </td>
</tr>
`;
