// Jest Snapshot v1, https://goo.gl/fbAQLP

exports[`DateField renders 1`] = `
<fieldset
  className="ds-c-fieldset"
>
  <legend
    className="ds-c-label"
    id="field_snapshot-label"
  >
    <span
      className=""
    >
      Date
    </span>
    <span
      className="ds-c-field__hint"
    >
      For example: 4 / 28 / 1986
    </span>
  </legend>
  <div
    className="ds-c-datefield__container ds-l-form-row"
  >
    <div
      className="ds-u-clearfix ds-l-col--auto"
    >
      <label
        className="ds-c-label ds-c-datefield__label"
        htmlFor="field_snapshot"
        id="field_snapshot-label"
      >
        <span
          className=""
        >
          Month
        </span>
      </label>
      <input
        aria-describedby="field_snapshot-label"
        className="ds-c-field ds-c-field--month"
        id="field_snapshot"
        inputMode="numeric"
        name="month"
        pattern="[0-9]*"
        type="text"
      />
    </div>
    <span
      className="ds-c-datefield__separator"
    >
      /
    </span>
    <div
      className="ds-u-clearfix ds-l-col--auto"
    >
      <label
        className="ds-c-label ds-c-datefield__label"
        htmlFor="field_snapshot"
        id="field_snapshot-label"
      >
        <span
          className=""
        >
          Day
        </span>
      </label>
      <input
        aria-describedby="field_snapshot-label"
        className="ds-c-field ds-c-field--day"
        id="field_snapshot"
        inputMode="numeric"
        name="day"
        pattern="[0-9]*"
        type="text"
      />
    </div>
    <span
      className="ds-c-datefield__separator"
    >
      /
    </span>
    <div
      className="ds-u-clearfix ds-l-col--auto"
    >
      <label
        className="ds-c-label ds-c-datefield__label"
        htmlFor="field_snapshot"
        id="field_snapshot-label"
      >
        <span
          className=""
        >
          Year
        </span>
      </label>
      <input
        aria-describedby="field_snapshot-label"
        className="ds-c-field ds-c-field--year"
        id="field_snapshot"
        inputMode="numeric"
        name="year"
        pattern="[0-9]*"
        type="text"
      />
    </div>
  </div>
</fieldset>
`;
