// Jest Snapshot v1, https://goo.gl/fbAQLP

exports[`MultiInputDateField renders 1`] = `
<DocumentFragment>
  <fieldset
    aria-describedby="field_snapshot-hint"
    aria-invalid="false"
    class="ds-c-fieldset"
  >
    <legend
      class="ds-c-label"
      id="field_snapshot-label"
    >
      Date
    </legend>
    <div
      class="ds-c-field__hint"
      id="field_snapshot-hint"
    >
      For example: 4 / 28 / 1986
    </div>
    <div
      class="ds-c-datefield__container ds-l-form-row"
    >
      <div
        class="ds-u-clearfix ds-l-col--auto"
      >
        <label
          class="ds-c-label ds-c-datefield__label"
          for="field_snapshot"
          id="field_snapshot-label"
        >
          Month
        </label>
        <input
          aria-invalid="false"
          class="ds-c-field ds-c-field--month"
          id="field_snapshot"
          inputmode="numeric"
          maxlength="2"
          name="month"
          pattern="[0-9]*"
          type="text"
          value=""
        />
      </div>
      <span
        class="ds-c-datefield__separator"
      >
        /
      </span>
      <div
        class="ds-u-clearfix ds-l-col--auto"
      >
        <label
          class="ds-c-label ds-c-datefield__label"
          for="field_snapshot"
          id="field_snapshot-label"
        >
          Day
        </label>
        <input
          aria-invalid="false"
          class="ds-c-field ds-c-field--day"
          id="field_snapshot"
          inputmode="numeric"
          maxlength="2"
          name="day"
          pattern="[0-9]*"
          type="text"
          value=""
        />
      </div>
      <span
        class="ds-c-datefield__separator"
      >
        /
      </span>
      <div
        class="ds-u-clearfix ds-l-col--auto"
      >
        <label
          class="ds-c-label ds-c-datefield__label"
          for="field_snapshot"
          id="field_snapshot-label"
        >
          Year
        </label>
        <input
          aria-invalid="false"
          class="ds-c-field ds-c-field--year"
          id="field_snapshot"
          inputmode="numeric"
          maxlength="4"
          name="year"
          pattern="[0-9]*"
          type="text"
          value=""
        />
      </div>
    </div>
  </fieldset>
</DocumentFragment>
`;
