// Jest Snapshot v1, https://goo.gl/fbAQLP

exports[`SlidingPanelToggle renders a button 1`] = `
<Button
  className="ds-c-sliding-panel__toggle"
  component="button"
  inputRef={[Function]}
  onClick={[MockFunction]}
  type="button"
  variation="transparent"
>
  <p>
    content
  </p>
</Button>
`;
