// Jest Snapshot v1, https://goo.gl/fbAQLP

exports[`SlidingPanel renders a snapshot 1`] = `
<div
  aria-labelledby="slidingPanel_2"
  className="ds-c-sliding-panel"
  role="dialog"
>
  <div
    className="ds-c-sliding-panel__window"
  >
    <div
      className="ds-c-sliding-panel__header"
    >
      <h3
        className="ds-c-sliding-panel__header-heading"
        id="slidingPanel_2"
        tabIndex="0"
      >
        Sliding panel title
      </h3>
      <button
        aria-label="Close help drawer"
        className="ds-c-button ds-c-button--small ds-c-sliding-panel__close-button"
        onClick={[Function]}
        type="button"
      >
        Close
      </button>
    </div>
    <div
      className="ds-c-sliding-panel__body"
    >
      <p>
        content
      </p>
    </div>
    <div
      className="ds-c-sliding-panel__footer"
    >
      <h4
        className="ds-c-sliding-panel__footer-title"
      >
        Footer title
      </h4>
      <div
        className="ds-c-sliding-panel__footer-body"
      >
        <div>
          <p>
            Some footer content
          </p>
        </div>
      </div>
    </div>
  </div>
</div>
`;
