// Jest Snapshot v1, https://goo.gl/fbAQLP

exports[`Badge should render a default badge 1`] = `
<span
  class="ds-c-badge"
>
  Foo
</span>
`;
