// Jest Snapshot v1, https://goo.gl/fbAQLP

exports[`TableBody renders additional attributes 1`] = `
<tbody
  class="foo-body"
  role="rowgroup"
>
  <tr>
    <td>
      Cell a
    </td>
    <td>
      Cell a
    </td>
  </tr>
</tbody>
`;
